// Jest Snapshot v1, https://goo.gl/fbAQLP

exports[`代码封装测试 应封装asset代码 1`] = `
"__d(function (global, require, module, exports) {
  module.exports = require('AssetRegistry.js').registerAsset({});
},\\"assetModuleId\\",null,\\"asset.png\\");
"
`;

exports[`代码封装测试 应封装json代码 1`] = `
"__d(function(global, require, _aUnused, _bUnused, module, exports, _cUnused) {
  module.exports = {\\"name\\":\\"info\\",\\"type\\":\\"json\\"};
},\\"jsonModuleId\\",null,\\"info.json\\");"
`;

exports[`代码封装测试 应封装module代码 1`] = `
"__d(function (global, require, module, exports) {
  function output() {
    console.log('module');
  }

  module.exports = output;
},\\"moduleModuleId\\",null,\\"module.js\\");
"
`;

exports[`代码封装测试 应封装script代码 1`] = `
"(function (global) {
  console.log('script');
})(typeof global !== 'undefined' ? global : typeof window !== 'undefined' ? window : this);
"
`;
